{
  "rpcNames": [
    "accountNextIndex",
    "accounts",
    "addLogFilter",
    "addReservedPeer",
    "blockNumber",
    "call",
    "call",
    "call",
    "chain",
    "chainId",
    "chainType",
    "clientVersion",
    "coinbase",
    "createBlock",
    "dryRun",
    "epochAuthorship",
    "estimateGas",
    "feeHistory",
    "finalizeBlock",
    "gasPrice",
    "genSyncSpec",
    "generateBatchProof",
    "generateProof",
    "getBalance",
    "getBlock",
    "getBlockByHash",
    "getBlockByNumber",
    "getBlockHash",
    "getBlockStats",
    "getBlockTransactionCountByHash",
    "getBlockTransactionCountByNumber",
    "getChildKeys",
    "getChildReadProof",
    "getChildStorage",
    "getChildStorageHash",
    "getChildStorageSize",
    "getCode",
    "getFilterChanges",
    "getFilterLogs",
    "getFinalizedHead",
    "getFinalizedHead",
    "getHeader",
    "getKeys",
    "getKeys",
    "getKeysPaged",
    "getKeysPaged",
    "getLogs",
    "getMetadata",
    "getPairs",
    "getProof",
    "getReadProof",
    "getRuntimeVersion",
    "getStorage",
    "getStorage",
    "getStorage",
    "getStorageAt",
    "getStorageEntries",
    "getStorageHash",
    "getStorageHash",
    "getStorageSize",
    "getStorageSize",
    "getTransactionByBlockHashAndIndex",
    "getTransactionByBlockNumberAndIndex",
    "getTransactionByHash",
    "getTransactionCount",
    "getTransactionReceipt",
    "getUncleByBlockHashAndIndex",
    "getUncleByBlockNumberAndIndex",
    "getUncleCountByBlockHash",
    "getUncleCountByBlockNumber",
    "getWork",
    "hasKey",
    "hasSessionKeys",
    "hashrate",
    "health",
    "insertKey",
    "instantiate",
    "listening",
    "localListenAddresses",
    "localPeerId",
    "localStorageGet",
    "localStorageSet",
    "maxPriorityFeePerGas",
    "methods",
    "mining",
    "name",
    "networkState",
    "newBlockFilter",
    "newFilter",
    "newPendingTransactionFilter",
    "nodeRoles",
    "peerCount",
    "peers",
    "pendingExtrinsics",
    "properties",
    "protocolVersion",
    "proveFinality",
    "queryFeeDetails",
    "queryInfo",
    "queryStorage",
    "queryStorageAt",
    "removeExtrinsic",
    "removeReservedPeer",
    "rentProjection",
    "reservedPeers",
    "resetLogFilter",
    "rotateKeys",
    "roundState",
    "sendRawTransaction",
    "sendTransaction",
    "sha3",
    "submitAndWatchExtrinsic",
    "submitExtrinsic",
    "submitHashrate",
    "submitWork",
    "subscribe",
    "subscribeAllHeads",
    "subscribeFinalizedHeads",
    "subscribeJustifications",
    "subscribeJustifications",
    "subscribeNewHeads",
    "subscribeRuntimeVersion",
    "subscribeStorage",
    "syncState",
    "syncing",
    "traceBlock",
    "trieMigrationStatus",
    "uninstallFilter",
    "uploadCode",
    "version",
    "version"
  ]
}